[themangalamweddings.in/index.html]
[themangalamweddings.in/xmlrpc.php]
[backblue.gif]
[fade.gif]
[index.html]
[themangalamweddings.in/wp-content/plugins/instagram-feed/css/sbi-styles.minb6a4.css]
[themangalamweddings.in/wp-content/plugins/header-footer-elementor/inc/widgets-css/frontendb95e.css]
[themangalamweddings.in/wp-content/plugins/header-footer-elementor/assets/css/header-footer-elementorb95e.css]
[themangalamweddings.in/wp-content/plugins/elementor/assets/css/frontend.min18be.css]
[themangalamweddings.in/wp-content/plugins/elementor/assets/lib/swiper/v8/css/swiper.min94a4.css]
[themangalamweddings.in/feed/index.html]
[themangalamweddings.in/wp-content/plugins/elementor/assets/css/conditionals/e-swiper.min18be.css]
[themangalamweddings.in/wp-content/uploads/elementor/css/post-8eefa.css]
[themangalamweddings.in/comments/feed/index.html]
[themangalamweddings.in/wp-content/plugins/pro-elements/assets/css/conditionals/popup.min401f.css]
[themangalamweddings.in/wp-content/plugins/sticky-header-effects-for-elementor/assets/css/she-header-style3e0d.css]
[themangalamweddings.in/wp-content/plugins/elementor/assets/css/widget-heading.min18be.css]
[themangalamweddings.in/wp-content/plugins/elementor/assets/css/widget-text-editor.min18be.css]
[themangalamweddings.in/wp-content/plugins/elementor/assets/css/widget-spacer.min18be.css]
[themangalamweddings.in/wp-content/plugins/elementor/assets/css/widget-image-box.min18be.css]
[themangalamweddings.in/wp-content/plugins/elementor/assets/css/widget-image-gallery.min18be.css]
[themangalamweddings.in/wp-content/plugins/elementor/assets/css/widget-video.min18be.css]
[themangalamweddings.in/wp-content/plugins/elementor/assets/css/widget-image-carousel.min18be.css]
[themangalamweddings.in/wp-content/plugins/pro-elements/assets/css/widget-posts.min401f.css]
[themangalamweddings.in/wp-content/plugins/elementor/assets/css/widget-icon-list.min18be.css]
[themangalamweddings.in/wp-content/plugins/pro-elements/assets/css/widget-form.min401f.css]
[themangalamweddings.in/wp-content/plugins/elementor/assets/css/widget-divider.min18be.css]
[themangalamweddings.in/wp-content/uploads/elementor/css/post-1123d5b.css]
[themangalamweddings.in/wp-content/uploads/elementor/css/post-210eefa.css]
[themangalamweddings.in/wp-content/uploads/elementor/css/post-230eefa.css]
[themangalamweddings.in/wp-content/themes/bosa/assets/bootstrap/css/bootstrap.mind1c0.css]
[themangalamweddings.in/wp-content/themes/bosa/assets/slick/slickd1c0.css]
[themangalamweddings.in/wp-content/themes/bosa/assets/css/slicknav.mind1c0.css]
[themangalamweddings.in/wp-content/themes/bosa/assets/slick/slick-themed1c0.css]
[themangalamweddings.in/wp-content/themes/bosa/assets/font-awesome/css/all.mind1c0.css]
[themangalamweddings.in/wp-content/themes/bosa/assets/css/blocks.mind1c0.css]
[themangalamweddings.in/wp-content/themes/bosa/styled1c0.css]
[themangalamweddings.in/wp-content/themes/bosa-wedding/styled1c0.css]
[themangalamweddings.in/wp-content/plugins/elementor/assets/css/widget-icon-list.min44b4.css]
[themangalamweddings.in/wp-content/plugins/elementor/assets/css/widget-social-icons.min2401.css]
[themangalamweddings.in/wp-content/plugins/elementor/assets/lib/font-awesome/css/brands52d5.css]
[themangalamweddings.in/wp-content/plugins/elementor/assets/lib/font-awesome/css/fontawesome52d5.css]
[themangalamweddings.in/wp-content/plugins/elementor/assets/lib/font-awesome/css/solid52d5.css]
[themangalamweddings.in/wp-content/plugins/elementor-pro/assets/css/widget-blockquote.min503b.css]
[themangalamweddings.in/wp-content/plugins/smart-slider-3/Public/SmartSlider3/Application/Frontend/Assets/dist/smartslider.minc9fa.css]
[themangalamweddings.in/wp-content/plugins/smart-slider-3/Public/SmartSlider3/Application/Frontend/Assets/dist/n2.minc9fa.js]
[themangalamweddings.in/wp-content/plugins/smart-slider-3/Public/SmartSlider3/Application/Frontend/Assets/dist/smartslider-frontend.minc9fa.js]
[themangalamweddings.in/wp-content/plugins/smart-slider-3/Public/SmartSlider3/Slider/SliderType/Simple/Assets/dist/ss-simple.minc9fa.js]
[themangalamweddings.in/wp-content/plugins/smart-slider-3/Public/SmartSlider3/Widget/Arrow/ArrowImage/Assets/dist/w-arrow-image.minc9fa.js]
[themangalamweddings.in/wp-includes/js/jquery/jquery.minf43b.js]
[themangalamweddings.in/wp-includes/js/jquery/jquery-migrate.min5589.js]
[themangalamweddings.in/wp-content/plugins/sticky-header-effects-for-elementor/assets/js/she-header3e0d.js]
[themangalamweddings.in/wp-json/index.html]
[themangalamweddings.in/wp-json/wp/v2/pages/112.json]
[themangalamweddings.in/xmlrpc0db0.php]
[themangalamweddings.in/wp-json/oembed/1.0/embed0cd3.json]
[themangalamweddings.in/wp-json/oembed/1.0/embed052e]
[themangalamweddings.in/wp-content/uploads/2024/08/cropped-WhatsApp-Image-2024-08-08-at-11.08.55_d5faf22e-32x32.jpg]
[themangalamweddings.in/wp-content/uploads/2024/08/cropped-WhatsApp-Image-2024-08-08-at-11.08.55_d5faf22e-192x192.jpg]
[themangalamweddings.in/wp-content/uploads/2024/08/cropped-WhatsApp-Image-2024-08-08-at-11.08.55_d5faf22e-180x180.jpg]
[themangalamweddings.in/wp-content/uploads/2024/04/Untitled-design-e1712390860933-1024x322.png]
[themangalamweddings.in/blog/index.html]
[themangalamweddings.in/wp-content/uploads/2024/04/4-3.jpg]
[themangalamweddings.in/carrier/index.html]
[themangalamweddings.in/wp-content/uploads/2024/04/1-5.jpg]
[themangalamweddings.in/wp-content/uploads/2024/11/mangalam-banner.jpg]
[themangalamweddings.in/gallery/index.html]
[themangalamweddings.in/wp-content/uploads/2024/04/3-3.jpg]
[themangalamweddings.in/wp-content/uploads/2021/04/bosa-wedding-img5.png]
[themangalamweddings.in/wp-content/uploads/2024/04/1-3-1024x1024.jpg]
[themangalamweddings.in/wp-content/uploads/2024/04/Mangalam-819x1024.jpg]
[themangalamweddings.in/wp-content/uploads/2024/11/Snapinsta.app_466855157_1766950617383419_7980518930310024887_n_1080.jpg]
[themangalamweddings.in/wp-content/uploads/2024/11/12345678.jpg]
[themangalamweddings.in/wp-content/uploads/2024/11/1234567.jpg]
[themangalamweddings.in/wp-content/uploads/2024/11/Snapinsta.app_464263688_1092500619132873_4091077704689928349_n_1080.jpg]
[themangalamweddings.in/wp-content/uploads/2024/11/Snapinsta.app_464311885_564751262891391_2862454584424893063_n_1080.jpg]
[themangalamweddings.in/wp-content/uploads/2024/11/Snapinsta.app_463827597_1517482905563988_145342347099905204_n_1080.jpg]
[themangalamweddings.in/wp-content/uploads/2024/11/Snapinsta.app_462557564_1053210846542499_8893409217039688557_n_1080.jpg]
[themangalamweddings.in/wp-content/uploads/2024/11/Snapinsta.app_462522445_1056267315713098_6264869204055022872_n_1080.jpg]
[themangalamweddings.in/wp-content/uploads/2024/11/Snapinsta.app_461926526_1048738323579453_4077693992250413717_n_1080.jpg]
[themangalamweddings.in/wp-content/uploads/2024/04/432115417_794386279250236_702597379545255830_n.jpg]
[themangalamweddings.in/wp-content/uploads/2024/04/431063916_726613729462159_8205742956948075264_n-1.jpg]
[themangalamweddings.in/wp-content/uploads/2024/04/429563612_1629947157814032_1721480499126608485_n.jpg]
[themangalamweddings.in/wp-content/uploads/2024/06/2.jpg]
[themangalamweddings.in/wp-content/uploads/2024/06/3.jpg]
[themangalamweddings.in/wp-content/uploads/2024/06/4.jpg]
[themangalamweddings.in/wp-content/uploads/2024/06/5.jpg]
[themangalamweddings.in/wp-content/uploads/2024/06/6.jpg]
[themangalamweddings.in/wp-content/uploads/2024/06/7.jpg]
[themangalamweddings.in/wp-content/uploads/2024/06/8.jpg]
[themangalamweddings.in/wp-content/uploads/2024/06/9.jpg]
[themangalamweddings.in/wp-content/uploads/2024/06/10.jpg]
[themangalamweddings.in/wp-content/uploads/2024/06/11.jpg]
[themangalamweddings.in/wp-content/uploads/2024/06/12.jpg]
[themangalamweddings.in/wp-content/uploads/2024/06/13.jpg]
[themangalamweddings.in/wp-content/uploads/2024/06/18.jpg]
[themangalamweddings.in/wp-content/uploads/2024/11/videoplayback-1.mp4]
[themangalamweddings.in/wp-content/uploads/2024/11/videoplayback-2.mp4]
[themangalamweddings.in/wp-content/uploads/2024/11/videoplayback-3.mp4]
[themangalamweddings.in/wp-content/uploads/2024/11/videoplayback-4.mp4]
[themangalamweddings.in/wp-content/uploads/2024/11/videoplayback-5.mp4]
[themangalamweddings.in/wp-content/uploads/2024/11/videoplayback-6.mp4]
[themangalamweddings.in/wp-content/uploads/2024/11/videoplayback-7.mp4]
[themangalamweddings.in/wp-content/plugins/instagram-feed/img/placeholder.png]
[themangalamweddings.in/wp-content/uploads/2024/11/12345678-300x300.jpg]
[themangalamweddings.in/wp-content/uploads/2024/11/Untitled-design-300x157.png]
[themangalamweddings.in/wp-content/uploads/2024/10/Best-Wedding-Planner-in-Delhi-NCR-300x157.jpg]
[themangalamweddings.in/wp-content/uploads/2024/04/3-2-300x162.jpg]
[themangalamweddings.in/best-marriage-planner-in-delhi/index.html]
[themangalamweddings.in/wp-content/uploads/2024/04/402578878_1065909231229418_3057320599727761653_n-2-300x300.jpg]
[themangalamweddings.in/wedding-decor-design/index.html]
[themangalamweddings.in/wp-content/plugins/elementor/assets/css/widget-social-icons.min18be.css]
[themangalamweddings.in/top-destination-wedding-planner-in-delhi/index.html]
[themangalamweddings.in/wp-content/plugins/elementor/assets/css/conditionals/apple-webkit.min18be.css]
[themangalamweddings.in/wp-content/plugins/revslider/public/assets/css/rs653aa.css]
[themangalamweddings.in/decor/index.html]
[themangalamweddings.in/wp-content/plugins/revslider/public/assets/js/rbtools.min53aa.js]
[themangalamweddings.in/wedding-planners-in-ghaziabad/index.html]
[themangalamweddings.in/indian-wedding-planning/index.html]
[themangalamweddings.in/wp-content/plugins/revslider/public/assets/js/rs6.min53aa.js]
[themangalamweddings.in/budget-wedding-planners-in-ghaziabad/index.html]
[themangalamweddings.in/ghaziabad-wedding-planner/index.html]
[themangalamweddings.in/best-wedding-planning-company-in-ghaziabad/index.html]
[themangalamweddings.in/wedding-event-management-companies-in-ghaziabad/index.html]
[themangalamweddings.in/luxury-wedding-planners-in-ghaziabad/index.html]
[themangalamweddings.in/top-wedding-planners-in-ghaziabad/index.html]
[themangalamweddings.in/destination-wedding-planner-in-ghaziabad/index.html]
[themangalamweddings.in/marriage-planner-in-ghaziabad/index.html]
[themangalamweddings.in/wedding-planners-in-delhi/index.html]
[themangalamweddings.in/marriage-planner-in-delhi/index.html]
[themangalamweddings.in/luxury-wedding-planners-in-delhi/index.html]
[themangalamweddings.in/destination-wedding-planner-in-delhi/index.html]
[themangalamweddings.in/wedding-organizers-in-delhi/index.html]
[themangalamweddings.in/wedding-organizers-in-ghaziabad/index.html]
[themangalamweddings.in/wp-includes/js/imagesloaded.minbb93.js]
[themangalamweddings.in/wedding-event-management-companies-in-delhi/index.html]
[themangalamweddings.in/wedding-organisers-in-delhi/index.html]
[themangalamweddings.in/wp-includes/js/masonry.min3a05.js]
[themangalamweddings.in/wedding-organisers-in-ghaziabad/index.html]
[themangalamweddings.in/best-wedding-planning-company-in-delhi/index.html]
[themangalamweddings.in/wp-content/themes/bosa/assets/bootstrap/js/bootstrap.min661b.js]
[themangalamweddings.in/wp-content/themes/bosa/assets/slick/slick.min661b.js]
[themangalamweddings.in/wp-content/themes/bosa/assets/js/skip-link-focus-fix661b.js]
[themangalamweddings.in/wp-content/themes/bosa/assets/js/navigation661b.js]
[themangalamweddings.in/wp-content/themes/bosa/assets/js/html5shiv.min661b.js]
[themangalamweddings.in/wp-content/themes/bosa/assets/js/custom.min661b.js]
[themangalamweddings.in/wp-content/plugins/header-footer-elementor/inc/js/frontendb95e.js]
[themangalamweddings.in/wp-content/plugins/instagram-feed/js/sbi-scripts.minb6a4.js]
[themangalamweddings.in/wp-content/plugins/pro-elements/assets/js/webpack-pro.runtime.min401f.js]
[themangalamweddings.in/wp-content/plugins/elementor/assets/js/webpack.runtime.min18be.js]
[themangalamweddings.in/wp-content/plugins/elementor/assets/js/frontend-modules.min18be.js]
[themangalamweddings.in/wp-includes/js/dist/hooks.min4fdd.js]
[themangalamweddings.in/wp-includes/js/dist/i18n.minc33c.js]
[themangalamweddings.in/wp-includes/js/jquery/ui/core.minb37e.js]
[themangalamweddings.in/wp-content/plugins/elementor/assets/js/frontend.min18be.js]
[themangalamweddings.in/index.html]
[themangalamweddings.in/xmlrpc.php]
[themangalamweddings.in/wp-content/plugins/pro-elements/assets/js/elements-handlers.min401f.js]
[themangalamweddings.in/wp-content/plugins/instagram-feed/css/sbi-styles.minb6a4.css]
[themangalamweddings.in/wp-content/plugins/header-footer-elementor/inc/widgets-css/frontendb95e.css]
[themangalamweddings.in/wp-content/plugins/header-footer-elementor/assets/css/header-footer-elementorb95e.css]
[themangalamweddings.in/wp-content/plugins/elementor/assets/css/frontend.min18be.css]
[themangalamweddings.in/wp-content/plugins/elementor/assets/lib/swiper/v8/css/swiper.min94a4.css]
[themangalamweddings.in/wp-content/plugins/elementor/assets/css/conditionals/e-swiper.min18be.css]
[themangalamweddings.in/wp-content/uploads/elementor/css/post-8eefa.css]
[themangalamweddings.in/wp-content/plugins/pro-elements/assets/css/conditionals/popup.min401f.css]
[themangalamweddings.in/wp-content/plugins/sticky-header-effects-for-elementor/assets/css/she-header-style3e0d.css]
[themangalamweddings.in/wp-content/plugins/elementor/assets/css/widget-image.min18be.css]
[themangalamweddings.in/wp-content/plugins/elementor/assets/css/widget-heading.min18be.css]
[themangalamweddings.in/wp-content/plugins/elementor/assets/lib/animations/styles/slideInLeft.min18be.css]
[themangalamweddings.in/wp-content/plugins/elementor/assets/css/widget-text-editor.min18be.css]
[themangalamweddings.in/wp-content/plugins/elementor/assets/lib/animations/styles/slideInRight.min18be.css]
[themangalamweddings.in/wp-content/plugins/elementor/assets/lib/animations/styles/fadeIn.min18be.css]
[themangalamweddings.in/wp-content/plugins/elementor/assets/css/widget-spacer.min18be.css]
[themangalamweddings.in/wp-content/plugins/elementor/assets/css/widget-image-box.min18be.css]
[themangalamweddings.in/wp-content/plugins/elementor/assets/css/widget-image-gallery.min18be.css]
[themangalamweddings.in/wp-content/plugins/elementor/assets/css/widget-video.min18be.css]
[themangalamweddings.in/wp-content/plugins/elementor/assets/css/widget-image-carousel.min18be.css]
[themangalamweddings.in/wp-content/plugins/pro-elements/assets/css/widget-posts.min401f.css]
[themangalamweddings.in/wp-content/plugins/elementor/assets/css/widget-icon-list.min18be.css]
[themangalamweddings.in/wp-content/plugins/elementor/assets/css/widget-google_maps.min18be.css]
[themangalamweddings.in/wp-content/plugins/pro-elements/assets/css/widget-form.min401f.css]
[themangalamweddings.in/wp-content/plugins/elementor/assets/css/widget-divider.min18be.css]
[themangalamweddings.in/wp-content/uploads/2021/04/h3-bacground-img-3-1.png]
[themangalamweddings.in/wp-content/uploads/2021/04/bosa-wedding-img22-1536x1004.png]
[themangalamweddings.in/wp-content/uploads/2024/04/402578878_1065909231229418_3057320599727761653_n-1.jpg]
[themangalamweddings.in/wp-content/uploads/elementor/css/post-1123d5b.css]
[themangalamweddings.in/wp-content/uploads/elementor/css/post-210eefa.css]
[themangalamweddings.in/wp-content/uploads/elementor/css/post-230eefa.css]
[themangalamweddings.in/wp-content/themes/bosa/assets/bootstrap/css/bootstrap.mind1c0.css]
[themangalamweddings.in/wp-content/themes/bosa/assets/slick/slickd1c0.css]
[themangalamweddings.in/wp-content/themes/bosa/assets/css/slicknav.mind1c0.css]
[themangalamweddings.in/wp-content/themes/bosa/assets/slick/slick-themed1c0.css]
[themangalamweddings.in/wp-content/themes/bosa/assets/font-awesome/css/all.mind1c0.css]
[themangalamweddings.in/wp-content/themes/bosa/assets/css/blocks.mind1c0.css]
[themangalamweddings.in/wp-content/themes/bosa/styled1c0.css]
[themangalamweddings.in/wp-content/themes/bosa-wedding/styled1c0.css]
[themangalamweddings.in/wp-content/plugins/elementor/assets/css/widget-icon-list.min44b4.css]
[themangalamweddings.in/wp-content/plugins/elementor/assets/css/widget-social-icons.min2401.css]
[themangalamweddings.in/wp-content/plugins/elementor/assets/lib/font-awesome/css/brands52d5.css]
[themangalamweddings.in/wp-content/plugins/elementor/assets/lib/font-awesome/css/fontawesome52d5.css]
[themangalamweddings.in/wp-content/plugins/elementor/assets/lib/font-awesome/css/solid52d5.css]
[themangalamweddings.in/wp-content/plugins/elementor-pro/assets/css/widget-blockquote.min503b.html]
[themangalamweddings.in/wp-content/plugins/smart-slider-3/Public/SmartSlider3/Application/Frontend/Assets/dist/smartslider.minc9fa.css]
[themangalamweddings.in/wp-content/plugins/smart-slider-3/Public/SmartSlider3/Application/Frontend/Assets/dist/n2.minc9fa.js]
[themangalamweddings.in/wp-content/plugins/smart-slider-3/Public/SmartSlider3/Application/Frontend/Assets/dist/smartslider-frontend.minc9fa.js]
[themangalamweddings.in/wp-content/plugins/smart-slider-3/Public/SmartSlider3/Slider/SliderType/Simple/Assets/dist/ss-simple.minc9fa.js]
[themangalamweddings.in/wp-content/plugins/smart-slider-3/Public/SmartSlider3/Widget/Arrow/ArrowImage/Assets/dist/w-arrow-image.minc9fa.js]
[themangalamweddings.in/wp-includes/js/jquery/jquery.minf43b.js]
[themangalamweddings.in/wp-includes/js/jquery/jquery-migrate.min5589.js]
[themangalamweddings.in/wp-content/plugins/sticky-header-effects-for-elementor/assets/js/she-header3e0d.js]
[www.googletagmanager.com/gtm5445.html]
[player.vimeo.com/api/player.js]
[themangalamweddings.in/gallery/index.html]
[themangalamweddings.in/category/best-marriage-planner-in-delhi/index.html]
[themangalamweddings.in/category/uncategorized/index.html]
[themangalamweddings.in/category/wedding-decor-design/index.html]
[themangalamweddings.in/category/wedding-trends/index.html]
[themangalamweddings.in/category/event-management/index.html]
[themangalamweddings.in/blog/index.html]
[themangalamweddings.in/carrier/index.html]
[themangalamweddings.in/wp-content/uploads/2024/06/15.html]
[themangalamweddings.in/wp-content/uploads/2024/06/14.html]
[themangalamweddings.in/wp-content/uploads/2024/06/17.html]
[themangalamweddings.in/wp-content/uploads/2024/06/16.html]
[themangalamweddings.in/wp-content/uploads/2024/06/19.html]
[themangalamweddings.in/wp-content/uploads/2024/06/20.html]
[themangalamweddings.in/wp-content/uploads/2024/06/21.html]
[themangalamweddings.in/wp-content/uploads/2024/06/22.html]
[themangalamweddings.in/wp-content/uploads/2024/06/24.html]
[themangalamweddings.in/wp-content/uploads/2024/06/25.html]
[themangalamweddings.in/wp-content/uploads/2024/06/23.html]
[themangalamweddings.in/wp-content/uploads/2024/06/1-1.html]
[themangalamweddings.in/wp-content/uploads/2024/06/26.html]
[themangalamweddings.in/wp-content/uploads/2024/06/27.html]
[themangalamweddings.in/best-marriage-planner-in-delhi/index.html]
[themangalamweddings.in/wp-content/uploads/elementor/css/post-1413febb.css]
[themangalamweddings.in/wedding-decor-design/feed/index.html]
[themangalamweddings.in/wp-json/wp/v2/posts/1413.json]
[themangalamweddings.in/wp-json/oembed/1.0/embedd236.json]
[themangalamweddings.in/wp-json/oembed/1.0/embede233]
[themangalamweddings.in/wedding-decor-design/index.html]
[themangalamweddings.in/wp-content/uploads/2024/12/0R3A4981-300x200.html]
[themangalamweddings.in/tag/weddinginspiration/index.html]
[themangalamweddings.in/wp-content/uploads/elementor/css/post-114497bd.css]
[themangalamweddings.in/top-destination-wedding-planner-in-delhi/feed/index.html]
[themangalamweddings.in/tag/weddingtrends2024/index.html]
[themangalamweddings.in/wp-json/wp/v2/posts/1144.json]
[themangalamweddings.in/wp-json/oembed/1.0/embedcf01.json]
[themangalamweddings.in/wp-json/oembed/1.0/embedbdec]
[themangalamweddings.in/wp-content/uploads/2024/11/Top-Destination-Wedding-Planner-in-Delhi-1024x1024.webp]
[themangalamweddings.in/top-destination-wedding-planner-in-delhi/index.html]
[themangalamweddings.in/best-wedding-planner-in-delhi-ncr/index.html]
[themangalamweddings.in/tag/destination-wedding-planner/index.html]
[themangalamweddings.in/tag/top-destination-wedding-planner-in-delhi/index.html]
[themangalamweddings.in/wp-content/uploads/elementor/css/post-58537a0.css]
[themangalamweddings.in/wp-json/wp/v2/posts/585.json]
[themangalamweddings.in/decor/feed/index.html]
[themangalamweddings.in/tag/wedding-planner/index.html]
[themangalamweddings.in/wp-json/oembed/1.0/embed4c5b.json]
[themangalamweddings.in/wp-json/oembed/1.0/embedf8e7]
[themangalamweddings.in/wp-content/uploads/2024/04/3-2-1024x554.jpg]
[themangalamweddings.in/decor/index.html]
[themangalamweddings.in/wp-content/uploads/elementor/css/post-58056b7.css]
[themangalamweddings.in/indian-wedding-planning/feed/index.html]
[themangalamweddings.in/wp-json/wp/v2/posts/580.json]
[themangalamweddings.in/wp-json/oembed/1.0/embedee95.json]
[themangalamweddings.in/wp-json/oembed/1.0/embedf7db]
[themangalamweddings.in/wp-content/uploads/2024/04/402578878_1065909231229418_3057320599727761653_n-2-1024x1024.jpg]
[themangalamweddings.in/indian-wedding-planning/index.html]
[themangalamweddings.in/wp-content/uploads/elementor/css/post-739e5a6.css]
[themangalamweddings.in/wp-json/wp/v2/pages/739.json]
[themangalamweddings.in/wp-json/oembed/1.0/embedb163.json]
[themangalamweddings.in/wp-json/oembed/1.0/embed53bd]
[themangalamweddings.in/wp-content/uploads/2024/10/a-22.webp]
[themangalamweddings.in/wedding-planners-in-ghaziabad/index.html]
[themangalamweddings.in/budget-wedding-planners-in-delhi/index.html]
[themangalamweddings.in/wp-content/uploads/elementor/css/post-877352c.css]
[themangalamweddings.in/wp-json/wp/v2/pages/877.json]
[themangalamweddings.in/budget-wedding-planners-in-ghaziabad/index.html]
[themangalamweddings.in/ghaziabad-wedding-planner/index.html]
[themangalamweddings.in/best-wedding-planning-company-in-ghaziabad/index.html]
[themangalamweddings.in/wedding-event-management-companies-in-ghaziabad/index.html]
[themangalamweddings.in/luxury-wedding-planners-in-ghaziabad/index.html]
[themangalamweddings.in/top-wedding-planners-in-ghaziabad/index.html]
[themangalamweddings.in/destination-wedding-planner-in-ghaziabad/index.html]
[themangalamweddings.in/marriage-planner-in-ghaziabad/index.html]
[themangalamweddings.in/marriage-planner-in-delhi/index.html]
[themangalamweddings.in/wedding-planners-in-delhi/index.html]
[themangalamweddings.in/luxury-wedding-planners-in-delhi/index.html]
[themangalamweddings.in/top-wedding-planners-in-delhi/index.html]
[themangalamweddings.in/destination-wedding-planner-in-delhi/index.html]
[themangalamweddings.in/wedding-organizers-in-delhi/index.html]
[themangalamweddings.in/wedding-organizers-in-ghaziabad/index.html]
[themangalamweddings.in/wedding-event-management-companies-in-delhi/index.html]
[themangalamweddings.in/wedding-organisers-in-delhi/index.html]
[themangalamweddings.in/wedding-organisers-in-ghaziabad/index.html]
[themangalamweddings.in/delhi-wedding-planner/index.html]
[themangalamweddings.in/best-wedding-planning-company-in-delhi/index.html]
[themangalamweddings.in/wp-admin/admin-ajax.html]
[themangalamweddings.in/wp-content/plugins/elementor/assets/css/widget-social-icons.min18be.css]
[themangalamweddings.in/wp-content/plugins/elementor/assets/css/conditionals/apple-webkit.min18be.css]
[themangalamweddings.in/wp-content/plugins/revslider/public/assets/css/rs653aa.css]
[themangalamweddings.in/wp-content/plugins/revslider/public/assets/js/rbtools.min53aa.js]
[themangalamweddings.in/wp-content/plugins/revslider/public/assets/js/rs6.min53aa.js]
[themangalamweddings.in/wp-includes/js/imagesloaded.minbb93.js]
[themangalamweddings.in/wp-includes/js/masonry.min3a05.js]
[themangalamweddings.in/wp-includes/js/jquery/jquery.masonry.minef70.html]
[themangalamweddings.in/wp-content/themes/bosa/assets/bootstrap/js/bootstrap.min661b.js]
[themangalamweddings.in/wp-content/themes/bosa/assets/slick/slick.min661b.js]
[themangalamweddings.in/wp-content/themes/bosa/assets/js/jquery.slicknav.min661b.html]
[themangalamweddings.in/wp-content/themes/bosa/assets/js/skip-link-focus-fix661b.js]
[themangalamweddings.in/wp-content/themes/bosa/assets/js/navigation661b.js]
[themangalamweddings.in/wp-content/themes/bosa/assets/js/theia-sticky-sidebar.min661b.html]
[themangalamweddings.in/wp-content/themes/bosa/assets/js/html5shiv.min661b.js]
[themangalamweddings.in/wp-content/themes/bosa/assets/js/custom.min661b.js]
[themangalamweddings.in/wp-content/plugins/header-footer-elementor/inc/js/frontendb95e.js]
[themangalamweddings.in/wp-content/plugins/instagram-feed/js/sbi-scripts.minb6a4.js]
[themangalamweddings.in/wp-content/plugins/pro-elements/assets/js/webpack-pro.runtime.min401f.js]
[themangalamweddings.in/wp-content/plugins/elementor/assets/js/webpack.runtime.min18be.js]
[themangalamweddings.in/wp-content/plugins/elementor/assets/js/frontend-modules.min18be.js]
[themangalamweddings.in/wp-includes/js/dist/hooks.min4fdd.js]
[themangalamweddings.in/wp-includes/js/dist/i18n.minc33c.js]
[themangalamweddings.in/wp-content/plugins/pro-elements/assets/js/frontend.min401f.html]
[themangalamweddings.in/wp-includes/js/jquery/ui/core.minb37e.js]
[themangalamweddings.in/wp-content/plugins/elementor/assets/js/frontend.min18be.js]
[themangalamweddings.in/wp-content/plugins/pro-elements/assets/js/elements-handlers.min401f.js]
[themangalamweddings.in/wp-content/plugins/instagram-feed/img/sbi-sprite.html]
[themangalamweddings.in/wp-content/uploads/2024/04/01.html]
[themangalamweddings.in/wp-content/themes/bosa/assets/slick/ajax-loader.html]
[themangalamweddings.in/wp-content/themes/bosa/assets/slick/fonts/slick.html]
[themangalamweddings.in/wp-content/themes/bosa/assets/slick/fonts/slickd41d.html]
[themangalamweddings.in/wp-content/themes/bosa/assets/slick/fonts/slick-2.html]
[themangalamweddings.in/wp-content/themes/bosa/assets/slick/fonts/slick-3.html]
[themangalamweddings.in/wp-content/themes/bosa/assets/slick/fonts/slick-4.html]
[themangalamweddings.in/wp-content/themes/bosa/assets/font-awesome/webfonts/fa-brands-400.html]
[themangalamweddings.in/wp-content/themes/bosa/assets/font-awesome/webfonts/fa-brands-401.html]
[themangalamweddings.in/wp-content/themes/bosa/assets/font-awesome/webfonts/fa-regular-400.html]
[themangalamweddings.in/wp-content/themes/bosa/assets/font-awesome/webfonts/fa-regular-401.html]
[themangalamweddings.in/wp-content/themes/bosa/assets/font-awesome/webfonts/fa-solid-900.html]
[themangalamweddings.in/wp-content/themes/bosa/assets/font-awesome/webfonts/fa-solid-901.html]
[themangalamweddings.in/wp-content/themes/bosa/assets/font-awesome/webfonts/fa-v4compatibility.html]
[themangalamweddings.in/wp-content/themes/bosa/assets/font-awesome/webfonts/fa-v4compatibility-2.html]
[themangalamweddings.in/wp-content/plugins/elementor/assets/lib/font-awesome/webfonts/fa-brands-400.html]
[themangalamweddings.in/wp-content/plugins/elementor/assets/lib/font-awesome/webfonts/fa-brands-400d41d.html]
[themangalamweddings.in/wp-content/plugins/elementor/assets/lib/font-awesome/webfonts/fa-brands-401.html]
[themangalamweddings.in/wp-content/plugins/elementor/assets/lib/font-awesome/webfonts/fa-brands-402.html]
[themangalamweddings.in/wp-content/plugins/elementor/assets/lib/font-awesome/webfonts/fa-brands-403.html]
[themangalamweddings.in/wp-content/plugins/elementor/assets/lib/font-awesome/webfonts/fa-brands-404.html]
[themangalamweddings.in/wp-content/plugins/elementor/assets/lib/font-awesome/webfonts/fa-solid-900.html]
[themangalamweddings.in/wp-content/plugins/elementor/assets/lib/font-awesome/webfonts/fa-solid-900d41d.html]
[themangalamweddings.in/wp-content/plugins/elementor/assets/lib/font-awesome/webfonts/fa-solid-901.html]
[themangalamweddings.in/wp-content/plugins/elementor/assets/lib/font-awesome/webfonts/fa-solid-902.html]
[themangalamweddings.in/wp-content/plugins/elementor/assets/lib/font-awesome/webfonts/fa-solid-903.html]
[themangalamweddings.in/wp-content/plugins/elementor/assets/lib/font-awesome/webfonts/fa-solid-904.html]
[themangalamweddings.in/+http_/www.google.com/bot.html]
[themangalamweddings.in/wp-content/uploads/elementor/css/post-10456b7.html]
[themangalamweddings.in/wp-json/wp/v2/pages/104.html]
[themangalamweddings.in/index9430.html]
[themangalamweddings.in/wp-json/oembed/1.0/embed0b84.html]
[themangalamweddings.in/wp-json/oembed/1.0/embedac04.html]
[themangalamweddings.in/wp-content/uploads/2024/04/1-4.html]
[themangalamweddings.in/wp-content/uploads/2024/04/402578878_1065909231229418_3057320599727761653_n-2.html]
[themangalamweddings.in/wp-content/uploads/2024/04/435303385_1197535961213480_6530247092177935032_n.html]
[themangalamweddings.in/wp-content/uploads/2024/04/433262476_255962360903357_5877644171262096118_n.html]
[themangalamweddings.in/wp-content/uploads/2024/04/433910036_380214901502228_4906011457199664445_n.html]
[themangalamweddings.in/wp-content/uploads/2024/04/432570692_2118027908540337_9039166517786357353_n.html]
[themangalamweddings.in/wp-content/uploads/2024/04/433410183_954608326261138_2383286133103194835_n.html]
[themangalamweddings.in/wp-content/uploads/2024/04/429375920_397951639588545_9120982149841511860_n.html]
[themangalamweddings.in/wp-content/uploads/2024/04/428497746_7163538480406672_8842590659163548955_n.html]
[themangalamweddings.in/wp-includes/js/mediaelement/mediaelementplayer-legacy.min1f61.html]
[themangalamweddings.in/wp-includes/js/mediaelement/wp-mediaelement.mind1c0.html]
[themangalamweddings.in/wp-content/uploads/2024/11/12345678-1080x550.html]
[themangalamweddings.in/category/best-marriage-planner-in-delhi/index.html]
[themangalamweddings.in/2024/12/12/index.html]
[themangalamweddings.in/author/admin/index.html]
[themangalamweddings.in/wp-content/uploads/2024/12/0R3A4981-1370x550.html]
[themangalamweddings.in/category/wedding-decor-design/index.html]
[themangalamweddings.in/category/uncategorized/index.html]
[themangalamweddings.in/category/wedding-planning/index.html]
[themangalamweddings.in/category/wedding-trends/index.html]
[themangalamweddings.in/2024/12/03/index.html]
[themangalamweddings.in/wp-content/uploads/2024/11/Untitled-design-1200x550.html]
[themangalamweddings.in/category/top-destination-wedding-planner-in-delhi/index.html]
[themangalamweddings.in/category/destination-weddings/index.html]
[themangalamweddings.in/category/event-management/index.html]
[themangalamweddings.in/category/wdding-decor-design/index.html]
[themangalamweddings.in/category/wedding/index.html]
[themangalamweddings.in/category/wedding-planner/index.html]
[themangalamweddings.in/category/wedding-planning-tips/index.html]
[themangalamweddings.in/2024/11/04/index.html]
[themangalamweddings.in/wp-content/uploads/2024/10/Best-Wedding-Planner-in-Delhi-NCR-1200x550.html]
[themangalamweddings.in/2024/10/17/index.html]
[themangalamweddings.in/wp-content/uploads/2024/04/3-2-1370x550.html]
[themangalamweddings.in/2024/04/23/index.html]
[themangalamweddings.in/wp-content/uploads/2024/04/402578878_1065909231229418_3057320599727761653_n-2-1080x550.html]
[themangalamweddings.in/wp-content/uploads/2024/11/12345678-420x300.html]
[themangalamweddings.in/wp-content/uploads/2024/12/0R3A4981-420x300.html]
[themangalamweddings.in/wp-content/uploads/2024/11/Untitled-design-420x300.html]
[themangalamweddings.in/wp-content/uploads/2024/10/Best-Wedding-Planner-in-Delhi-NCR-420x300.html]
[themangalamweddings.in/wp-content/uploads/2024/04/3-2-420x300.html]
[themangalamweddings.in/wp-content/uploads/2024/04/402578878_1065909231229418_3057320599727761653_n-2-420x300.html]
[themangalamweddings.in/wp-content/uploads/2024/11/12345678-80x60.html]
[themangalamweddings.in/wp-content/uploads/2024/12/0R3A4981-80x60.html]
[themangalamweddings.in/wp-content/uploads/2024/11/Untitled-design-80x60.html]
[themangalamweddings.in/wp-content/uploads/2024/11/12345678-420x200.html]
[themangalamweddings.in/wp-content/uploads/2024/12/0R3A4981-420x200.html]
[themangalamweddings.in/wp-content/uploads/2024/11/Untitled-design-420x200.html]
[themangalamweddings.in/wp-content/uploads/2024/10/Best-Wedding-Planner-in-Delhi-NCR-420x200.html]
[themangalamweddings.in/wp-content/uploads/2024/04/3-2-420x200.html]
[themangalamweddings.in/wp-content/uploads/2024/04/402578878_1065909231229418_3057320599727761653_n-2-420x200.html]
[themangalamweddings.in/wp-includes/js/mediaelement/mediaelement-and-player.min1f61.html]
[themangalamweddings.in/wp-includes/js/mediaelement/mediaelement-migrate.mind1c0.html]
[themangalamweddings.in/wp-includes/js/mediaelement/wp-mediaelement.mind1c0-2.html]
[themangalamweddings.in/wp-includes/js/mediaelement/renderers/vimeo.min1f61.html]
[themangalamweddings.in/wp-content/uploads/elementor/css/post-71937a0.html]
[themangalamweddings.in/wp-json/wp/v2/pages/719.html]
[themangalamweddings.in/indexd13e.html]
[themangalamweddings.in/wp-json/oembed/1.0/embedaa5f.html]
[themangalamweddings.in/wp-json/oembed/1.0/embedfb03.html]
[themangalamweddings.in/wp-content/uploads/2024/08/cropped-WhatsApp-Image-2024-08-08-at-11.08.55_d5faf22e.html]
[themangalamweddings.in/best-marriage-planner-in-delhi/feed/index.html]
[themangalamweddings.in/wp-content/uploads/elementor/css/post-14440eaa.html]
[themangalamweddings.in/wp-json/wp/v2/posts/1444.html]
[themangalamweddings.in/indexb8d9.html]
[themangalamweddings.in/wp-json/oembed/1.0/embedbf9d.html]
[themangalamweddings.in/wp-json/oembed/1.0/embedefb7.html]
[themangalamweddings.in/2024/12/index.html]
[themangalamweddings.in/tag/luxuryweddingdecor/index.html]
[themangalamweddings.in/tag/weddingdecordesign/index.html]
[themangalamweddings.in/tag/weddingplanningtips/index.html]
[themangalamweddings.in/wp-includes/js/comment-reply.mind1c0.html]
[themangalamweddings.in/wp-content/uploads/elementor/css/post-1413febb.css]
[themangalamweddings.in/indexc190.html]
[themangalamweddings.in/tag/weddinginspiration/index.html]
[themangalamweddings.in/tag/weddingtrends2024/index.html]
[themangalamweddings.in/wp-content/uploads/elementor/css/post-114497bd.css]
[themangalamweddings.in/index1723.html]
[themangalamweddings.in/2024/11/index.html]
[themangalamweddings.in/tag/destination-wedding-planner/index.html]
[themangalamweddings.in/tag/top-destination-wedding-planner-in-delhi/index.html]
[themangalamweddings.in/tag/wedding-planner/index.html]
[themangalamweddings.in/wp-content/uploads/elementor/css/post-58537a0.css]
[themangalamweddings.in/index33e1.html]
[themangalamweddings.in/2024/04/index.html]
[themangalamweddings.in/wp-content/uploads/elementor/css/post-58056b7.css]
[themangalamweddings.in/index5b8d.html]
[themangalamweddings.in/wp-content/uploads/elementor/css/post-739e5a6.css]
[themangalamweddings.in/index5e3b.html]
[themangalamweddings.in/wp-content/uploads/elementor/css/post-877352c.css]
[themangalamweddings.in/indexe1f1.html]
[themangalamweddings.in/wp-json/oembed/1.0/embed8011.html]
[themangalamweddings.in/wp-json/oembed/1.0/embed633c.html]
[themangalamweddings.in/wp-content/uploads/2024/10/a-3.html]
[themangalamweddings.in/wp-content/uploads/elementor/css/post-777f479.html]
[themangalamweddings.in/wp-json/wp/v2/pages/777.html]
[themangalamweddings.in/indexf9b5.html]
[themangalamweddings.in/wp-json/oembed/1.0/embed3034.html]
[themangalamweddings.in/wp-json/oembed/1.0/embedf45d.html]
[themangalamweddings.in/wp-content/uploads/2024/10/a-7.html]
[themangalamweddings.in/wp-content/uploads/elementor/css/post-79253b4.html]
[themangalamweddings.in/wp-json/wp/v2/pages/792.html]
[themangalamweddings.in/indexdfb6.html]
[themangalamweddings.in/wp-json/oembed/1.0/embed1ac3.html]
[themangalamweddings.in/wp-json/oembed/1.0/embedc274.html]
[themangalamweddings.in/wp-content/uploads/2024/10/a-1.html]
[themangalamweddings.in/wp-content/uploads/elementor/css/post-810a1ee.html]
[themangalamweddings.in/wp-json/wp/v2/pages/810.html]
[themangalamweddings.in/index7efb.html]
[themangalamweddings.in/wp-json/oembed/1.0/embedcb64.html]
[themangalamweddings.in/wp-json/oembed/1.0/embedb601.html]
[themangalamweddings.in/wp-content/uploads/2024/10/a-16.html]
[themangalamweddings.in/wp-content/uploads/elementor/css/post-8218605.html]
[themangalamweddings.in/wp-json/wp/v2/pages/821.html]
[themangalamweddings.in/index6d2c.html]
[themangalamweddings.in/wp-json/oembed/1.0/embed71e5.html]
[themangalamweddings.in/wp-json/oembed/1.0/embedd195.html]
[themangalamweddings.in/wp-content/uploads/2024/10/a-9.html]
[themangalamweddings.in/wp-content/uploads/elementor/css/post-8367edb.html]
[themangalamweddings.in/wp-json/wp/v2/pages/836.html]
[themangalamweddings.in/index03aa.html]
[themangalamweddings.in/wp-json/oembed/1.0/embeda20c.html]
[themangalamweddings.in/wp-json/oembed/1.0/embed9ef7.html]
[themangalamweddings.in/wp-content/uploads/2024/10/a-14.html]
[themangalamweddings.in/wp-content/uploads/elementor/css/post-84839e1.html]
[themangalamweddings.in/wp-json/wp/v2/pages/848.html]
[themangalamweddings.in/indexab1b.html]
[themangalamweddings.in/wp-json/oembed/1.0/embedccb5.html]
[themangalamweddings.in/wp-json/oembed/1.0/embed9bb0.html]
[themangalamweddings.in/wp-content/uploads/2024/10/a-6.html]
[themangalamweddings.in/wp-content/uploads/elementor/css/post-8664305.html]
[themangalamweddings.in/wp-json/wp/v2/pages/866.html]
[themangalamweddings.in/indexb4d9.html]
[themangalamweddings.in/wp-json/oembed/1.0/embed4851.html]
[themangalamweddings.in/wp-json/oembed/1.0/embed3be1.html]
[themangalamweddings.in/wp-content/uploads/2024/10/a-11.html]
[themangalamweddings.in/wp-content/uploads/elementor/css/post-860c0bc.html]
[themangalamweddings.in/wp-json/wp/v2/pages/860.html]
[themangalamweddings.in/index08e2.html]
[themangalamweddings.in/wp-json/oembed/1.0/embed90b1.html]
[themangalamweddings.in/wp-json/oembed/1.0/embed539c.html]
[themangalamweddings.in/wp-content/uploads/2024/10/a-10.html]
[themangalamweddings.in/wp-content/uploads/elementor/css/post-725de56.html]
[themangalamweddings.in/wp-json/wp/v2/pages/725.html]
[themangalamweddings.in/index1583.html]
[themangalamweddings.in/wp-json/oembed/1.0/embed40fe.html]
[themangalamweddings.in/wp-json/oembed/1.0/embedbed9.html]
[themangalamweddings.in/wp-content/uploads/2024/10/a-21.html]
[themangalamweddings.in/wp-content/uploads/elementor/css/post-816c19b.html]
[themangalamweddings.in/wp-json/wp/v2/pages/816.html]
[themangalamweddings.in/indexe5c7.html]
[themangalamweddings.in/wp-json/oembed/1.0/embed9a76.html]
[themangalamweddings.in/wp-json/oembed/1.0/embedb38a.html]
[themangalamweddings.in/wp-content/uploads/2024/10/a-8.html]
[themangalamweddings.in/wp-content/uploads/elementor/css/post-842529f.html]
[themangalamweddings.in/wp-json/wp/v2/pages/842.html]
[themangalamweddings.in/index22b3.html]
[themangalamweddings.in/wp-json/oembed/1.0/embedff37.html]
[themangalamweddings.in/wp-json/oembed/1.0/embede60a.html]
[themangalamweddings.in/wp-content/uploads/elementor/css/post-884009e.html]
[themangalamweddings.in/wp-json/wp/v2/pages/884.html]
[themangalamweddings.in/index470a.html]
[themangalamweddings.in/wp-json/oembed/1.0/embed6560.html]
[themangalamweddings.in/wp-json/oembed/1.0/embed0c9d.html]
[themangalamweddings.in/wp-content/uploads/2024/10/a-19.html]
[themangalamweddings.in/wp-content/uploads/elementor/css/post-79838ed.html]
[themangalamweddings.in/wp-json/wp/v2/pages/798.html]
[themangalamweddings.in/index8ae4.html]
[themangalamweddings.in/wp-json/oembed/1.0/embed1a1c.html]
[themangalamweddings.in/wp-json/oembed/1.0/embeda661.html]
[themangalamweddings.in/wp-content/uploads/2024/10/a-20.html]
[themangalamweddings.in/wp-content/uploads/elementor/css/post-8043765.html]
[themangalamweddings.in/wp-json/wp/v2/pages/804.html]
[themangalamweddings.in/index60e8.html]
[themangalamweddings.in/wp-json/oembed/1.0/embed9066.html]
[themangalamweddings.in/wp-json/oembed/1.0/embed61c1.html]
[themangalamweddings.in/wp-content/uploads/2024/10/a-15.html]
[themangalamweddings.in/wp-content/uploads/elementor/css/post-7592e1c.html]
[themangalamweddings.in/wp-json/wp/v2/pages/759.html]
[themangalamweddings.in/indexdc17.html]
[themangalamweddings.in/wp-json/oembed/1.0/embed690d.html]
[themangalamweddings.in/wp-json/oembed/1.0/embed8623.html]
[themangalamweddings.in/wp-content/uploads/2024/10/a-17.html]
[themangalamweddings.in/wp-content/uploads/elementor/css/post-7653027.html]
[themangalamweddings.in/wp-json/wp/v2/pages/765.html]
[themangalamweddings.in/index6215.html]
[themangalamweddings.in/wp-json/oembed/1.0/embed6764.html]
[themangalamweddings.in/wp-json/oembed/1.0/embedc2ec.html]
[themangalamweddings.in/wp-content/uploads/2024/10/a-18.html]
[themangalamweddings.in/wp-content/uploads/elementor/css/post-7839b54.html]
[themangalamweddings.in/wp-json/wp/v2/pages/783.html]
[themangalamweddings.in/indexd2e2.html]
[themangalamweddings.in/wp-json/oembed/1.0/embed57b3.html]
[themangalamweddings.in/wp-json/oembed/1.0/embed91ee.html]
[themangalamweddings.in/wp-content/uploads/2024/10/a.html]
[themangalamweddings.in/wp-content/plugins/revslider/public/assets/fonts/revicons/revicons90c6.html]
[themangalamweddings.in/wp-content/plugins/revslider/public/assets/fonts/revicons/revicons90c6-2.html]
[themangalamweddings.in/wp-content/plugins/revslider/public/assets/fonts/revicons/revicons90c6-3.html]
[themangalamweddings.in/wp-content/plugins/revslider/public/assets/fonts/revicons/revicons90c6-4.html]
[themangalamweddings.in/wp-content/plugins/revslider/public/assets/css/openhand.html]
[themangalamweddings.in/wp-content/plugins/revslider/public/assets/css/closedhand.html]
[themangalamweddings.in/wp-content/plugins/revslider/public/assets/assets/gridtile.html]
[themangalamweddings.in/wp-content/plugins/revslider/public/assets/assets/gridtile_white.html]
[themangalamweddings.in/wp-content/plugins/revslider/public/assets/assets/gridtile_3x3.html]
[themangalamweddings.in/wp-content/plugins/revslider/public/assets/assets/gridtile_3x3_white.html]
[themangalamweddings.in/wp-content/plugins/revslider/public/assets/assets/coloredbg.html]
[themangalamweddings.in/wp-content/plugins/revslider/public/assets/assets/loader.html]
[themangalamweddings.in/dummy.html]
[themangalamweddings.in/origin=https_/index.html]
[themangalamweddings.in/popper.html]
[themangalamweddings.in/-negative.html]
[themangalamweddings.in/OPR/index.html]
[themangalamweddings.in/window.location.html]
[themangalamweddings.in/category/best-marriage-planner-in-delhi/feed/index.html]
[themangalamweddings.in/wp-json/wp/v2/categories/48.html]
[themangalamweddings.in/category/wedding-decor-design/feed/index.html]
[themangalamweddings.in/wp-json/wp/v2/categories/41.html]
[themangalamweddings.in/category/uncategorized/feed/index.html]
[themangalamweddings.in/wp-json/wp/v2/categories/1.html]
[themangalamweddings.in/category/wedding-trends/feed/index.html]
[themangalamweddings.in/wp-json/wp/v2/categories/42.html]
[themangalamweddings.in/category/event-management/feed/index.html]
[themangalamweddings.in/wp-json/wp/v2/categories/26.html]
[localhost/wordpress/wp-content/uploads/2021/04/section-title-img-1.png]
[themangalamweddings.in/tag/weddinginspiration/feed/index.html]
[themangalamweddings.in/wp-json/wp/v2/tags/44.html]
[themangalamweddings.in/tag/weddingtrends2024/feed/index.html]
[themangalamweddings.in/wp-json/wp/v2/tags/45.html]
[themangalamweddings.in/tag/destination-wedding-planner/feed/index.html]
[themangalamweddings.in/wp-json/wp/v2/tags/39.html]
[themangalamweddings.in/tag/top-destination-wedding-planner-in-delhi/feed/index.html]
[themangalamweddings.in/wp-json/wp/v2/tags/37.html]
[themangalamweddings.in/tag/wedding-planner/feed/index.html]
[themangalamweddings.in/wp-json/wp/v2/tags/38.html]
